// Jest Snapshot v1, https://goo.gl/fbAQLP

exports[`SignIn should render properly 1`] = `<DocumentFragment />`;
